Traceback (most recent call last):
  File "/volume1/web/hotel-system/venv39_py39/bin/uvicorn", line 7, in <module>
    sys.exit(main())
  File "/volume1/web/hotel-system/venv39_py39/lib/python3.9/site-packages/click/core.py", line 1161, in __call__
    return self.main(*args, **kwargs)
  File "/volume1/web/hotel-system/venv39_py39/lib/python3.9/site-packages/click/core.py", line 1082, in main
    rv = self.invoke(ctx)
  File "/volume1/web/hotel-system/venv39_py39/lib/python3.9/site-packages/click/core.py", line 1443, in invoke
    return ctx.invoke(self.callback, **ctx.params)
  File "/volume1/web/hotel-system/venv39_py39/lib/python3.9/site-packages/click/core.py", line 788, in invoke
    return __callback(*args, **kwargs)
  File "/volume1/web/hotel-system/venv39_py39/lib/python3.9/site-packages/uvicorn/main.py", line 415, in main
    run(
  File "/volume1/web/hotel-system/venv39_py39/lib/python3.9/site-packages/uvicorn/main.py", line 582, in run
    server.run()
  File "/volume1/web/hotel-system/venv39_py39/lib/python3.9/site-packages/uvicorn/server.py", line 67, in run
    return asyncio_run(self.serve(sockets=sockets), loop_factory=self.config.get_loop_factory())
  File "/volume1/web/hotel-system/venv39_py39/lib/python3.9/site-packages/uvicorn/_compat.py", line 53, in asyncio_run
    return loop.run_until_complete(main)
  File "uvloop/loop.pyx", line 1518, in uvloop.loop.Loop.run_until_complete
  File "/volume1/web/hotel-system/venv39_py39/lib/python3.9/site-packages/uvicorn/server.py", line 71, in serve
    await self._serve(sockets)
  File "/volume1/web/hotel-system/venv39_py39/lib/python3.9/site-packages/uvicorn/server.py", line 78, in _serve
    config.load()
  File "/volume1/web/hotel-system/venv39_py39/lib/python3.9/site-packages/uvicorn/config.py", line 436, in load
    self.loaded_app = import_from_string(self.app)
  File "/volume1/web/hotel-system/venv39_py39/lib/python3.9/site-packages/uvicorn/importer.py", line 22, in import_from_string
    raise exc from None
  File "/volume1/web/hotel-system/venv39_py39/lib/python3.9/site-packages/uvicorn/importer.py", line 19, in import_from_string
    module = importlib.import_module(module_str)
  File "/var/packages/Python3.9/target/usr/lib/python3.9/importlib/__init__.py", line 127, in import_module
    return _bootstrap._gcd_import(name[level:], package, level)
  File "<frozen importlib._bootstrap>", line 1030, in _gcd_import
  File "<frozen importlib._bootstrap>", line 1007, in _find_and_load
  File "<frozen importlib._bootstrap>", line 972, in _find_and_load_unlocked
  File "<frozen importlib._bootstrap>", line 228, in _call_with_frames_removed
  File "<frozen importlib._bootstrap>", line 1030, in _gcd_import
  File "<frozen importlib._bootstrap>", line 1007, in _find_and_load
  File "<frozen importlib._bootstrap>", line 984, in _find_and_load_unlocked
ModuleNotFoundError: No module named 'app'
Traceback (most recent call last):
  File "/volume1/web/hotel-system/venv39_py39/bin/uvicorn", line 7, in <module>
    sys.exit(main())
  File "/volume1/web/hotel-system/venv39_py39/lib/python3.9/site-packages/click/core.py", line 1161, in __call__
    return self.main(*args, **kwargs)
  File "/volume1/web/hotel-system/venv39_py39/lib/python3.9/site-packages/click/core.py", line 1082, in main
    rv = self.invoke(ctx)
  File "/volume1/web/hotel-system/venv39_py39/lib/python3.9/site-packages/click/core.py", line 1443, in invoke
    return ctx.invoke(self.callback, **ctx.params)
  File "/volume1/web/hotel-system/venv39_py39/lib/python3.9/site-packages/click/core.py", line 788, in invoke
    return __callback(*args, **kwargs)
  File "/volume1/web/hotel-system/venv39_py39/lib/python3.9/site-packages/uvicorn/main.py", line 415, in main
    run(
  File "/volume1/web/hotel-system/venv39_py39/lib/python3.9/site-packages/uvicorn/main.py", line 582, in run
    server.run()
  File "/volume1/web/hotel-system/venv39_py39/lib/python3.9/site-packages/uvicorn/server.py", line 67, in run
    return asyncio_run(self.serve(sockets=sockets), loop_factory=self.config.get_loop_factory())
  File "/volume1/web/hotel-system/venv39_py39/lib/python3.9/site-packages/uvicorn/_compat.py", line 53, in asyncio_run
    return loop.run_until_complete(main)
  File "uvloop/loop.pyx", line 1518, in uvloop.loop.Loop.run_until_complete
  File "/volume1/web/hotel-system/venv39_py39/lib/python3.9/site-packages/uvicorn/server.py", line 71, in serve
    await self._serve(sockets)
  File "/volume1/web/hotel-system/venv39_py39/lib/python3.9/site-packages/uvicorn/server.py", line 78, in _serve
    config.load()
  File "/volume1/web/hotel-system/venv39_py39/lib/python3.9/site-packages/uvicorn/config.py", line 436, in load
    self.loaded_app = import_from_string(self.app)
  File "/volume1/web/hotel-system/venv39_py39/lib/python3.9/site-packages/uvicorn/importer.py", line 22, in import_from_string
    raise exc from None
  File "/volume1/web/hotel-system/venv39_py39/lib/python3.9/site-packages/uvicorn/importer.py", line 19, in import_from_string
    module = importlib.import_module(module_str)
  File "/var/packages/Python3.9/target/usr/lib/python3.9/importlib/__init__.py", line 127, in import_module
    return _bootstrap._gcd_import(name[level:], package, level)
  File "<frozen importlib._bootstrap>", line 1030, in _gcd_import
  File "<frozen importlib._bootstrap>", line 1007, in _find_and_load
  File "<frozen importlib._bootstrap>", line 972, in _find_and_load_unlocked
  File "<frozen importlib._bootstrap>", line 228, in _call_with_frames_removed
  File "<frozen importlib._bootstrap>", line 1030, in _gcd_import
  File "<frozen importlib._bootstrap>", line 1007, in _find_and_load
  File "<frozen importlib._bootstrap>", line 984, in _find_and_load_unlocked
ModuleNotFoundError: No module named 'app'
